
> mente-do-brasil-web@0.1.0 test
> vitest run


 RUN  v3.2.7 /Users/brenoherculano/Projects/mente-do-brasil/web

stdout | tests/unit/api-route-rate-limit.test.ts > operational API route rate limit > short-circuits over-limit requests before calling the upstream FastAPI service
{"timestamp":"2026-09-02T20:42:44.307Z","level":"info","service":"mente-do-brasil-next","event":"rate_limited","request_id":"36932208-28f9-4718-a250-01c0abc71f38","route_class":"D_GEOMETRY_DETAIL","route":"/api/v1/map/health-regions","status":429}

 ✓ tests/unit/public-foundation.test.ts (7 tests) 761ms
   ✓ public production foundation config > builds deterministic public sitemap counts from generated canonical inventory  566ms
stdout | tests/unit/api-route-rate-limit.test.ts > operational API route rate limit > short-circuits over-limit PDF report requests before upstream generation
{"timestamp":"2026-09-02T20:42:44.714Z","level":"info","service":"mente-do-brasil-next","event":"rate_limited","request_id":"f3437f10-02b1-420f-beae-cd51b8b78a66","route_class":"D_GEOMETRY_DETAIL","route":"/api/v1/health-regions/12001/report.pdf","status":429}

 ✓ tests/unit/api-route-rate-limit.test.ts (2 tests) 866ms
   ✓ operational API route rate limit > short-circuits over-limit requests before calling the upstream FastAPI service  556ms
   ✓ operational API route rate limit > short-circuits over-limit PDF report requests before upstream generation  304ms
 ✓ tests/unit/manager-workbench.test.tsx (2 tests) 693ms
   ✓ ManagerWorkbench > renders empty state without selecting a random region  571ms
 ✓ tests/unit/about-page.test.tsx (6 tests) 2695ms
   ✓ about page > renders the institutional positioning and current scope  1273ms
   ✓ about page > renders required links and what-it-is-not section  302ms
   ✓ about page > renders six principles without commercial or invented-governance claims  535ms
stderr | tests/unit/state-page.test.tsx > state page > uses locked regional values in the distribution and preserves mismatch copy
An update to StatePage inside a test was not wrapped in act(...).

When testing, code that causes React state updates should be wrapped into act(...):

act(() => {
  /* fire events that update state */
});
/* assert on the output */

This ensures that you're testing the behavior the user would see in the browser. Learn more at https://react.dev/link/wrap-tests-with-act
An update to StatePage inside a test was not wrapped in act(...).

When testing, code that causes React state updates should be wrapped into act(...):

act(() => {
  /* fire events that update state */
});
/* assert on the output */

This ensures that you're testing the behavior the user would see in the browser. Learn more at https://react.dev/link/wrap-tests-with-act

 ✓ tests/unit/state-page.test.tsx (5 tests) 2837ms
   ✓ state page > renders AC with three Health Regions and no state score or ranking  1282ms
   ✓ state page > keeps alphabetical ordering and filters within the state  465ms
   ✓ state page > uses locked regional values in the distribution and preserves mismatch copy  554ms
   ✓ state page > links from state regions to profiles  315ms
 ✓ tests/unit/methodology-page.test.tsx (7 tests) 4091ms
   ✓ methodology page > renders locked metadata identifiers and standard population  1452ms
   ✓ methodology page > renders Need, Capacity, and Mismatch formulas  665ms
   ✓ methodology page > preserves claim discipline and limitations  793ms
   ✓ methodology page > documents territorial intelligence product methods without recalculating science  414ms
   ✓ methodology page > renders LISA counts and warning without disease concentration claim  485ms
 ✓ tests/unit/api-ingress-policy.test.ts (9 tests) 82ms
 ✓ tests/unit/data-page.test.tsx (7 tests) 4923ms
   ✓ data page > renders release identifiers, counts, and locked hashes  2171ms
   ✓ data page > translates NOT_RELEASED without exposing downloads or localhost  611ms
   ✓ data page > renders the complete 35-field dictionary and filters locally  895ms
   ✓ data page > keeps public dictionary copy in Portuguese while preserving technical names  394ms
   ✓ data page > renders public dataset and provenance labels in Portuguese  310ms
   ✓ data page > documents null semantics, license uncertainty, and citation state  326ms
 ✓ tests/unit/public-api-policy.test.ts (3 tests) 44ms
 ✓ tests/unit/profile-components.test.tsx (4 tests) 89ms
 ✓ tests/unit/color-scale.test.ts (5 tests) 17ms
 ✓ tests/unit/format.test.ts (3 tests) 10ms

 Test Files  12 passed (12)
      Tests  60 passed (60)
   Start at  17:42:36
   Duration  13.98s (transform 5.91s, setup 4.29s, collect 13.81s, tests 17.11s, environment 34.58s, prepare 8.07s)

