
> mente-do-brasil-web@0.1.0 build
> next build

▲ Next.js 16.3.2 (Turbopack)
✓ Running next.config.ts took 103ms

  Creating an optimized production build ...
✓ Compiled successfully in 801ms
  Running TypeScript ...
  Finished TypeScript in 2.6s ...
  Collecting page data using 7 workers ...
  Generating static pages using 7 workers (0/16) ...
  Generating static pages using 7 workers (4/16) 
  Generating static pages using 7 workers (8/16) 
  Generating static pages using 7 workers (12/16) 
✓ Generating static pages using 7 workers (16/16) in 869ms
  Finalizing page optimization ...

Route (app)
┌ ƒ /
├ ○ /_not-found
├ ƒ /.well-known/security.txt
├ ƒ /api/public/v1/[...path]
├ ƒ /api/v1/[...path]
├ ○ /contato
├ ○ /dados
├ ○ /dados-abertos
├ ○ /desenvolvedores
├ ƒ /downloads/[release]/[filename]
├ ƒ /estado/[uf]
├ ○ /financiamento
├ ƒ /fluxos
├ ƒ /gestor
├ ○ /governanca
├ ƒ /healthz
├ ○ /metodologia
├ ○ /mudancas
├ ○ /privacidade
├ ƒ /radar
├ ƒ /readyz
├ ƒ /regiao/[codigo]
├ ƒ /robots.txt
├ ƒ /sitemap.xml
└ ○ /sobre


ƒ Proxy (Middleware)

○  (Static)   prerendered as static content
ƒ  (Dynamic)  server-rendered on demand

