.................F.F....F...........ssssssssssss........................ [ 64%]
..ssssssssssss.................FF...F..                                  [100%]
=================================== FAILURES ===================================
___________________ test_manager_brief_diverse_region_cases ____________________

    def test_manager_brief_diverse_region_cases():
        rows = db_fetchone(
            """
            SELECT
              min(health_region_code) FILTER (WHERE matched_signal_families = 5),
              min(health_region_code) FILTER (WHERE matched_signal_families = 0),
              min(health_region_code) FILTER (WHERE 'SMALL_SUICIDE_COUNT' = ANY(data_quality_flags)),
              min(health_region_code) FILTER (WHERE zero_registered_beds),
              '53001'
            FROM analytics.health_region_intelligence
            WHERE release_id = %s
            """,
            (RELEASE_ID,),
        )
        for code in {item for item in rows if item}:
            status, brief = api_get(f"/api/v1/manager/health-regions/{code}")
            assert status == 200
            assert brief["region"]["health_region_code"] == code
            assert len(brief["investigation_questions"]) <= 8
            assert "undefined" not in json.dumps(brief, ensure_ascii=False).lower()
>           assert "nan" not in json.dumps(brief, ensure_ascii=False).lower()
E           assert 'nan' not in '{"release":...mary": null}'
E             
E             'nan' is contained here:
E                null, "financing_context": null, "hospital_flow_summary": null}
E             ?           +++

tests/api/test_api_contract.py:531: AssertionError
__________________________ test_api_role_is_read_only __________________________

    def test_api_role_is_read_only():
        settings = get_settings()
        with psycopg.connect(settings.dsn, autocommit=True) as connection:
            read_only = connection.execute("SHOW default_transaction_read_only").fetchone()[0]
>           assert read_only == "on"
E           AssertionError: assert 'off' == 'on'
E             
E             - on
E             + off

tests/api/test_api_contract.py:544: AssertionError
_____________________ test_canonical_fingerprint_is_locked _____________________

    def test_canonical_fingerprint_is_locked():
>       assert sha256(CANONICAL) == CANONICAL_HASH
               ^^^^^^^^^^^^^^^^^

tests/data_quality/test_product_intelligence.py:37: 
_ _ _ _ _ _ _ _ _ _ _ _ _ _ _ _ _ _ _ _ _ _ _ _ _ _ _ _ _ _ _ _ _ _ _ _ _ _ _ _ 
tests/data_quality/test_product_intelligence.py:22: in sha256
    with path.open("rb") as handle:
         ^^^^^^^^^^^^^^^
_ _ _ _ _ _ _ _ _ _ _ _ _ _ _ _ _ _ _ _ _ _ _ _ _ _ _ _ _ _ _ _ _ _ _ _ _ _ _ _ 

self = PosixPath('/Users/brenoherculano/Projects/mente-do-brasil/data/canonical/MDB_ANALYTICAL_2024_1/health_regions.parquet')
mode = 'rb', buffering = -1, encoding = None, errors = None, newline = None

    def open(self, mode='r', buffering=-1, encoding=None,
             errors=None, newline=None):
        """
        Open the file pointed to by this path and return a file object, as
        the built-in open() function does.
        """
        if "b" not in mode:
            encoding = io.text_encoding(encoding)
>       return io.open(self, mode, buffering, encoding, errors, newline)
               ^^^^^^^^^^^^^^^^^^^^^^^^^^^^^^^^^^^^^^^^^^^^^^^^^^^^^^^^^
E       FileNotFoundError: [Errno 2] No such file or directory: '/Users/brenoherculano/Projects/mente-do-brasil/data/canonical/MDB_ANALYTICAL_2024_1/health_regions.parquet'

../../.local/share/uv/python/cpython-3.13.5-macos-aarch64-none/lib/python3.13/pathlib/_local.py:537: FileNotFoundError
_______________________ test_historical_bytes_preserved ________________________

    def test_historical_bytes_preserved():
>       assert len(verify_history()) == 5
                   ^^^^^^^^^^^^^^^^

tests/test_scientific_correction.py:101: 
_ _ _ _ _ _ _ _ _ _ _ _ _ _ _ _ _ _ _ _ _ _ _ _ _ _ _ _ _ _ _ _ _ _ _ _ _ _ _ _ 
scripts/build_scientific_correction.py:95: in verify_history
    item["observed"] = sha256(ROOT / item["path"])
                       ^^^^^^^^^^^^^^^^^^^^^^^^^^^
scripts/build_scientific_correction.py:70: in sha256
    with Path(path).open("rb") as handle:
         ^^^^^^^^^^^^^^^^^^^^^
_ _ _ _ _ _ _ _ _ _ _ _ _ _ _ _ _ _ _ _ _ _ _ _ _ _ _ _ _ _ _ _ _ _ _ _ _ _ _ _ 

self = PosixPath('/Users/brenoherculano/Projects/mente-do-brasil/data/canonical/MDB_ANALYTICAL_2024_1/health_regions.parquet')
mode = 'rb', buffering = -1, encoding = None, errors = None, newline = None

    def open(self, mode='r', buffering=-1, encoding=None,
             errors=None, newline=None):
        """
        Open the file pointed to by this path and return a file object, as
        the built-in open() function does.
        """
        if "b" not in mode:
            encoding = io.text_encoding(encoding)
>       return io.open(self, mode, buffering, encoding, errors, newline)
               ^^^^^^^^^^^^^^^^^^^^^^^^^^^^^^^^^^^^^^^^^^^^^^^^^^^^^^^^^
E       FileNotFoundError: [Errno 2] No such file or directory: '/Users/brenoherculano/Projects/mente-do-brasil/data/canonical/MDB_ANALYTICAL_2024_1/health_regions.parquet'

../../.local/share/uv/python/cpython-3.13.5-macos-aarch64-none/lib/python3.13/pathlib/_local.py:537: FileNotFoundError
___________________ test_actual_corrected_release_invariants ___________________

    def test_actual_corrected_release_invariants():
>       old = pd.read_parquet(ROOT / f"data/canonical/{OLD}/health_regions.parquet")
              ^^^^^^^^^^^^^^^^^^^^^^^^^^^^^^^^^^^^^^^^^^^^^^^^^^^^^^^^^^^^^^^^^^^^^^

tests/test_scientific_correction.py:105: 
_ _ _ _ _ _ _ _ _ _ _ _ _ _ _ _ _ _ _ _ _ _ _ _ _ _ _ _ _ _ _ _ _ _ _ _ _ _ _ _ 
.venv/lib/python3.13/site-packages/pandas/io/parquet.py:671: in read_parquet
    return impl.read(
.venv/lib/python3.13/site-packages/pandas/io/parquet.py:253: in read
    path_or_handle, handles, filesystem = _get_path_or_handle(
.venv/lib/python3.13/site-packages/pandas/io/parquet.py:141: in _get_path_or_handle
    handles = get_handle(
_ _ _ _ _ _ _ _ _ _ _ _ _ _ _ _ _ _ _ _ _ _ _ _ _ _ _ _ _ _ _ _ _ _ _ _ _ _ _ _ 

path_or_buf = '/Users/brenoherculano/Projects/mente-do-brasil/data/canonical/MDB_ANALYTICAL_2024_1/health_regions.parquet'
mode = 'rb', encoding = 'utf-8', compression = None, memory_map = False
is_text = False, errors = 'strict', storage_options = None

    def get_handle(
        path_or_buf: FilePath | BaseBuffer,
        mode: str,
        *,
        encoding: str | None = None,
        compression: CompressionOptions | None = None,
        memory_map: bool = False,
        is_text: bool = True,
        errors: str | None = None,
        storage_options: StorageOptions | None = None,
    ) -> IOHandles[str] | IOHandles[bytes]:
        """
        Get file handle for given path/buffer and mode.
    
        Parameters
        ----------
        path_or_buf : str or file handle
            File path or object.
        mode : str
            Mode to open path_or_buf with.
        encoding : str or None
            Encoding to use.
        compression : str or dict, default 'infer'
            For on-the-fly compression of the output data. If 'infer' and 'path_or_buf'
            is path-like, then detect compression from the following extensions: '.gz',
            '.bz2', '.zip', '.xz', '.zst', '.tar', '.tar.gz', '.tar.xz' or '.tar.bz2'
            (otherwise no compression).
            Set to ``None`` for no compression.
            Can also be a dict with key ``'method'`` set
            to one of {``'zip'``, ``'gzip'``, ``'bz2'``, ``'zstd'``, ``'xz'``, ``'tar'``}
            and other key-value pairs are forwarded to
            ``zipfile.ZipFile``, ``gzip.GzipFile``,
            ``bz2.BZ2File``, ``zstandard.ZstdCompressor``, ``lzma.LZMAFile`` or
            ``tarfile.TarFile``, respectively.
            As an example, the following could be passed for faster compression and to
            create a reproducible gzip archive:
            ``compression={'method': 'gzip', 'compresslevel': 1, 'mtime': 1}``.
    
               May be a dict with key 'method' as compression mode
               and other keys as compression options if compression
               mode is 'zip'.
    
               Passing compression options as keys in dict is
               supported for compression modes 'gzip', 'bz2', 'zstd' and 'zip'.
    
        memory_map : bool, default False
            See parsers._parser_params for more information. Only used by read_csv.
        is_text : bool, default True
            Whether the type of the content passed to the file/buffer is string or
            bytes. This is not the same as `"b" not in mode`. If a string content is
            passed to a binary file/buffer, a wrapper is inserted.
        errors : str, default 'strict'
            Specifies how encoding and decoding errors are to be handled.
            See the errors argument for :func:`open` for a full list
            of options.
        storage_options: StorageOptions = None
            Passed to _get_filepath_or_buffer
    
        Returns the dataclass IOHandles
        """
        # Windows does not default to utf-8. Set to utf-8 for a consistent behavior
        encoding = encoding or "utf-8"
    
        errors = errors or "strict"
    
        # read_csv does not know whether the buffer is opened in binary/text mode
        if _is_binary_mode(path_or_buf, mode) and "b" not in mode:
            mode += "b"
    
        # validate encoding and errors
        codecs.lookup(encoding)
        if isinstance(errors, str):
            codecs.lookup_error(errors)
    
        # open URLs
        ioargs = _get_filepath_or_buffer(
            path_or_buf,
            encoding=encoding,
            compression=compression,
            mode=mode,
            storage_options=storage_options,
        )
    
        handle = ioargs.filepath_or_buffer
        handles: list[BaseBuffer]
    
        # memory mapping needs to be the first step
        # only used for read_csv
        handle, memory_map, handles = _maybe_memory_map(handle, memory_map)
    
        is_path = isinstance(handle, str)
        compression_args = dict(ioargs.compression)
        compression = compression_args.pop("method")
    
        # Only for write methods
        if "r" not in mode and is_path:
            check_parent_directory(str(handle))
    
        if compression:
            if compression != "zstd":
                # compression libraries do not like an explicit text-mode
                ioargs.mode = ioargs.mode.replace("t", "")
            elif compression == "zstd" and "b" not in ioargs.mode:
                # python-zstandard defaults to text mode, but we always expect
                # compression libraries to use binary mode.
                ioargs.mode += "b"
    
            # GZ Compression
            if compression == "gzip":
                if isinstance(handle, str):
                    # error: Incompatible types in assignment (expression has type
                    # "GzipFile", variable has type "Union[str, BaseBuffer]")
                    handle = gzip.GzipFile(  # type: ignore[assignment]
                        filename=handle,
                        mode=ioargs.mode,
                        **compression_args,
                    )
                else:
                    handle = gzip.GzipFile(
                        # No overload variant of "GzipFile" matches argument types
                        # "Union[str, BaseBuffer]", "str", "Dict[str, Any]"
                        fileobj=handle,  # type: ignore[call-overload]
                        mode=ioargs.mode,
                        **compression_args,
                    )
    
            # BZ Compression
            elif compression == "bz2":
                import bz2
    
                # Overload of "BZ2File" to handle pickle protocol 5
                # "Union[str, BaseBuffer]", "str", "Dict[str, Any]"
                handle = bz2.BZ2File(  # type: ignore[call-overload]
                    handle,
                    mode=ioargs.mode,
                    **compression_args,
                )
    
            # ZIP Compression
            elif compression == "zip":
                # error: Argument 1 to "_BytesZipFile" has incompatible type
                # "Union[str, BaseBuffer]"; expected "Union[Union[str, PathLike[str]],
                # ReadBuffer[bytes], WriteBuffer[bytes]]"
                handle = _BytesZipFile(
                    handle,  # type: ignore[arg-type]
                    ioargs.mode,
                    **compression_args,
                )
                if handle.buffer.mode == "r":
                    handles.append(handle)
                    zip_names = handle.buffer.namelist()
                    if len(zip_names) == 1:
                        handle = handle.buffer.open(zip_names.pop())
                    elif not zip_names:
                        raise ValueError(f"Zero files found in ZIP file {path_or_buf}")
                    else:
                        raise ValueError(
                            "Multiple files found in ZIP file. "
                            f"Only one file per ZIP: {zip_names}"
                        )
    
            # TAR Encoding
            elif compression == "tar":
                compression_args.setdefault("mode", ioargs.mode)
                if isinstance(handle, str):
                    handle = _BytesTarFile(name=handle, **compression_args)
                else:
                    # error: Argument "fileobj" to "_BytesTarFile" has incompatible
                    # type "BaseBuffer"; expected "Union[ReadBuffer[bytes],
                    # WriteBuffer[bytes], None]"
                    handle = _BytesTarFile(
                        fileobj=handle,  # type: ignore[arg-type]
                        **compression_args,
                    )
                assert isinstance(handle, _BytesTarFile)
                if "r" in handle.buffer.mode:
                    handles.append(handle)
                    files = handle.buffer.getnames()
                    if len(files) == 1:
                        file = handle.buffer.extractfile(files[0])
                        assert file is not None
                        handle = file
                    elif not files:
                        raise ValueError(f"Zero files found in TAR archive {path_or_buf}")
                    else:
                        raise ValueError(
                            "Multiple files found in TAR archive. "
                            f"Only one file per TAR archive: {files}"
                        )
    
            # XZ Compression
            elif compression == "xz":
                # error: Argument 1 to "LZMAFile" has incompatible type "Union[str,
                # BaseBuffer]"; expected "Optional[Union[Union[str, bytes, PathLike[str],
                # PathLike[bytes]], IO[bytes]], None]"
                import lzma
    
                handle = lzma.LZMAFile(
                    handle,  # type: ignore[arg-type]
                    ioargs.mode,
                    **compression_args,
                )
    
            # Zstd Compression
            elif compression == "zstd":
                zstd = import_optional_dependency("zstandard")
                if "r" in ioargs.mode:
                    open_args = {"dctx": zstd.ZstdDecompressor(**compression_args)}
                else:
                    open_args = {"cctx": zstd.ZstdCompressor(**compression_args)}
                handle = zstd.open(
                    handle,
                    mode=ioargs.mode,
                    **open_args,
                )
    
            # Unrecognized Compression
            else:
                msg = f"Unrecognized compression type: {compression}"
                raise ValueError(msg)
    
            assert not isinstance(handle, str)
            handles.append(handle)
    
        elif isinstance(handle, str):
            # Check whether the filename is to be opened in binary mode.
            # Binary mode does not support 'encoding' and 'newline'.
            if ioargs.encoding and "b" not in ioargs.mode:
                # Encoding
                handle = open(
                    handle,
                    ioargs.mode,
                    encoding=ioargs.encoding,
                    errors=errors,
                    newline="",
                )
            else:
                # Binary mode
>               handle = open(handle, ioargs.mode)
                         ^^^^^^^^^^^^^^^^^^^^^^^^^
E               FileNotFoundError: [Errno 2] No such file or directory: '/Users/brenoherculano/Projects/mente-do-brasil/data/canonical/MDB_ANALYTICAL_2024_1/health_regions.parquet'

.venv/lib/python3.13/site-packages/pandas/io/common.py:939: FileNotFoundError
_______________ test_snapshot_is_unique_and_missing_is_not_zero ________________

    def test_snapshot_is_unique_and_missing_is_not_zero():
>       rows = [json.loads(line) for line in SNAPSHOT.open() if line.strip()]
                                             ^^^^^^^^^^^^^^^

tests/test_siops_financing.py:19: 
_ _ _ _ _ _ _ _ _ _ _ _ _ _ _ _ _ _ _ _ _ _ _ _ _ _ _ _ _ _ _ _ _ _ _ _ _ _ _ _ 

self = PosixPath('/Users/brenoherculano/Projects/mente-do-brasil/data/raw/siops_official/MDB_SIOPS_SNAPSHOT_20260831_1.jsonl')
mode = 'r', buffering = -1, encoding = 'utf-8', errors = None, newline = None

    def open(self, mode='r', buffering=-1, encoding=None,
             errors=None, newline=None):
        """
        Open the file pointed to by this path and return a file object, as
        the built-in open() function does.
        """
        if "b" not in mode:
            encoding = io.text_encoding(encoding)
>       return io.open(self, mode, buffering, encoding, errors, newline)
               ^^^^^^^^^^^^^^^^^^^^^^^^^^^^^^^^^^^^^^^^^^^^^^^^^^^^^^^^^
E       FileNotFoundError: [Errno 2] No such file or directory: '/Users/brenoherculano/Projects/mente-do-brasil/data/raw/siops_official/MDB_SIOPS_SNAPSHOT_20260831_1.jsonl'

../../.local/share/uv/python/cpython-3.13.5-macos-aarch64-none/lib/python3.13/pathlib/_local.py:537: FileNotFoundError
=============================== warnings summary ===============================
tests/api/test_api_contract.py::test_programmatic_openapi_remains_available_when_docs_http_is_disabled
  /Users/brenoherculano/Projects/mente-do-brasil/.venv/lib/python3.13/site-packages/reportlab/lib/rl_safe_eval.py:12: DeprecationWarning: ast.NameConstant is deprecated and will be removed in Python 3.14; use ast.Constant instead
    haveNameConstant = hasattr(ast,'NameConstant')

-- Docs: https://docs.pytest.org/en/stable/how-to/capture-warnings.html
=========================== short test summary info ============================
FAILED tests/api/test_api_contract.py::test_manager_brief_diverse_region_cases
FAILED tests/api/test_api_contract.py::test_api_role_is_read_only - Assertion...
FAILED tests/data_quality/test_product_intelligence.py::test_canonical_fingerprint_is_locked
FAILED tests/test_scientific_correction.py::test_historical_bytes_preserved
FAILED tests/test_scientific_correction.py::test_actual_corrected_release_invariants
FAILED tests/test_siops_financing.py::test_snapshot_is_unique_and_missing_is_not_zero
6 failed, 81 passed, 24 skipped, 1 warning in 19.72s
