
> mente-do-brasil-web@0.1.0 test
> vitest run


 RUN  v3.2.7 /Users/brenoherculano/Projects/mente-do-brasil/web

stdout | tests/unit/api-route-rate-limit.test.ts > operational API route rate limit > short-circuits over-limit requests before calling the upstream FastAPI service
{"timestamp":"2026-08-31T20:10:49.184Z","level":"info","service":"mente-do-brasil-next","event":"rate_limited","request_id":"18cc9db0-2e9c-42e0-9b95-60fa7ef7bb83","route_class":"D_GEOMETRY_DETAIL","route":"/api/v1/map/health-regions","status":429}

stdout | tests/unit/api-route-rate-limit.test.ts > operational API route rate limit > short-circuits over-limit PDF report requests before upstream generation
{"timestamp":"2026-08-31T20:10:49.332Z","level":"info","service":"mente-do-brasil-next","event":"rate_limited","request_id":"f70f1232-8da0-498a-9dea-7770de687188","route_class":"D_GEOMETRY_DETAIL","route":"/api/v1/health-regions/12001/report.pdf","status":429}

 ✓ tests/unit/api-route-rate-limit.test.ts (2 tests) 241ms
 ✓ tests/unit/public-foundation.test.ts (7 tests) 274ms
 ✓ tests/unit/about-page.test.tsx (6 tests) 2604ms
   ✓ about page > renders the institutional positioning and current scope  593ms
   ✓ about page > keeps release and manuscript status conservative  619ms
   ✓ about page > renders six principles without commercial or invented-governance claims  879ms
stderr | tests/unit/state-page.test.tsx > state page > uses locked regional values in the distribution and preserves mismatch copy
An update to StatePage inside a test was not wrapped in act(...).

When testing, code that causes React state updates should be wrapped into act(...):

act(() => {
  /* fire events that update state */
});
/* assert on the output */

This ensures that you're testing the behavior the user would see in the browser. Learn more at https://react.dev/link/wrap-tests-with-act
An update to StatePage inside a test was not wrapped in act(...).

When testing, code that causes React state updates should be wrapped into act(...):

act(() => {
  /* fire events that update state */
});
/* assert on the output */

This ensures that you're testing the behavior the user would see in the browser. Learn more at https://react.dev/link/wrap-tests-with-act

 ✓ tests/unit/state-page.test.tsx (5 tests) 3302ms
   ✓ state page > renders AC with three Health Regions and no state score or ranking  1725ms
   ✓ state page > keeps alphabetical ordering and filters within the state  429ms
   ✓ state page > uses locked regional values in the distribution and preserves mismatch copy  486ms
   ✓ state page > links from state regions to profiles  367ms
 ✓ tests/unit/methodology-page.test.tsx (7 tests) 4074ms
   ✓ methodology page > renders locked metadata identifiers and standard population  1447ms
   ✓ methodology page > renders Need, Capacity, and Mismatch formulas  890ms
   ✓ methodology page > preserves claim discipline and limitations  493ms
   ✓ methodology page > documents territorial intelligence product methods without recalculating science  441ms
   ✓ methodology page > renders LISA counts and warning without disease concentration claim  438ms
   ✓ methodology page > renders the conservative manuscript submission status  323ms
 ✓ tests/unit/data-page.test.tsx (7 tests) 4939ms
   ✓ data page > renders release identifiers, counts, and locked hashes  1746ms
   ✓ data page > translates NOT_RELEASED without exposing downloads or localhost  904ms
   ✓ data page > renders the complete 35-field dictionary and filters locally  829ms
   ✓ data page > keeps public dictionary copy in Portuguese while preserving technical names  326ms
   ✓ data page > documents null semantics, license uncertainty, and citation state  674ms
 ✓ tests/unit/api-ingress-policy.test.ts (9 tests) 40ms
 ✓ tests/unit/profile-components.test.tsx (4 tests) 162ms
 ✓ tests/unit/color-scale.test.ts (5 tests) 4ms
 ✓ tests/unit/format.test.ts (3 tests) 8ms

⎯⎯⎯⎯⎯⎯ Failed Suites 1 ⎯⎯⎯⎯⎯⎯⎯

 FAIL  tests/unit/manager-workbench.test.tsx [ tests/unit/manager-workbench.test.tsx ]
TypeError: window.URL.createObjectURL is not a function
 ❯ define node_modules/maplibre-gl/dist/maplibre-gl.js:34:44
     32| 
     33|     if (typeof window !== 'undefined') {
     34|         maplibregl.setWorkerUrl(window.URL.createObjectURL(new Blob([w…
       |                                            ^
     35|     }
     36| 
 ❯ node_modules/maplibre-gl/node_modules/gl-matrix/esm/mat2.js:13:8
 ❯ node_modules/maplibre-gl/dist/maplibre-gl.js:6:81
 ❯ Object.<anonymous> node_modules/maplibre-gl/dist/maplibre-gl.js:9:3

⎯⎯⎯⎯⎯⎯⎯⎯⎯⎯⎯⎯⎯⎯⎯⎯⎯⎯⎯⎯⎯⎯⎯⎯[1/1]⎯


 Test Files  1 failed | 10 passed (11)
      Tests  55 passed (55)
   Start at  17:10:44
   Duration  10.58s (transform 2.96s, setup 2.75s, collect 6.70s, tests 15.65s, environment 24.57s, prepare 5.81s)

