
> mente-do-brasil-web@0.1.0 test
> vitest run


 RUN  v3.2.7 /Users/brenoherculano/Projects/mente-do-brasil/web

 ✓ tests/unit/public-foundation.test.ts (7 tests) 466ms
   ✓ public production foundation config > builds deterministic public sitemap counts from generated canonical inventory  397ms
 ✓ tests/unit/profile-components.test.tsx (4 tests) 168ms
 ✓ tests/unit/manager-workbench.test.tsx (2 tests) 385ms
 ✓ tests/unit/about-page.test.tsx (6 tests) 2080ms
   ✓ about page > renders the institutional positioning and current scope  410ms
   ✓ about page > states independence, public-data use, and government disclaimer  367ms
   ✓ about page > renders required links and what-it-is-not section  471ms
   ✓ about page > renders six principles without commercial or invented-governance claims  516ms
stderr | tests/unit/state-page.test.tsx > state page > uses locked regional values in the distribution and preserves mismatch copy
An update to StatePage inside a test was not wrapped in act(...).

When testing, code that causes React state updates should be wrapped into act(...):

act(() => {
  /* fire events that update state */
});
/* assert on the output */

This ensures that you're testing the behavior the user would see in the browser. Learn more at https://react.dev/link/wrap-tests-with-act
An update to StatePage inside a test was not wrapped in act(...).

When testing, code that causes React state updates should be wrapped into act(...):

act(() => {
  /* fire events that update state */
});
/* assert on the output */

This ensures that you're testing the behavior the user would see in the browser. Learn more at https://react.dev/link/wrap-tests-with-act

 ✓ tests/unit/state-page.test.tsx (5 tests) 2869ms
   ✓ state page > renders AC with three Health Regions and no state score or ranking  1564ms
   ✓ state page > keeps alphabetical ordering and filters within the state  462ms
   ✓ state page > uses locked regional values in the distribution and preserves mismatch copy  416ms
stdout | tests/unit/api-route-rate-limit.test.ts > operational API route rate limit > short-circuits over-limit requests before calling the upstream FastAPI service
{"timestamp":"2026-08-31T20:28:43.175Z","level":"info","service":"mente-do-brasil-next","event":"rate_limited","request_id":"598517d1-f744-436c-9efd-98445149171d","route_class":"D_GEOMETRY_DETAIL","route":"/api/v1/map/health-regions","status":429}

stdout | tests/unit/api-route-rate-limit.test.ts > operational API route rate limit > short-circuits over-limit PDF report requests before upstream generation
{"timestamp":"2026-08-31T20:28:43.221Z","level":"info","service":"mente-do-brasil-next","event":"rate_limited","request_id":"b85037df-f41e-4ea9-bde4-e04ee868fb03","route_class":"D_GEOMETRY_DETAIL","route":"/api/v1/health-regions/12001/report.pdf","status":429}

 ✓ tests/unit/api-route-rate-limit.test.ts (2 tests) 144ms
 ✓ tests/unit/methodology-page.test.tsx (7 tests) 3775ms
   ✓ methodology page > renders locked metadata identifiers and standard population  1768ms
   ✓ methodology page > renders Need, Capacity, and Mismatch formulas  426ms
   ✓ methodology page > preserves claim discipline and limitations  449ms
   ✓ methodology page > documents territorial intelligence product methods without recalculating science  352ms
   ✓ methodology page > renders LISA counts and warning without disease concentration claim  622ms
 ✓ tests/unit/api-ingress-policy.test.ts (9 tests) 24ms
 ✓ tests/unit/data-page.test.tsx (7 tests) 4087ms
   ✓ data page > renders release identifiers, counts, and locked hashes  1674ms
   ✓ data page > translates NOT_RELEASED without exposing downloads or localhost  636ms
   ✓ data page > renders the complete 35-field dictionary and filters locally  614ms
   ✓ data page > keeps public dictionary copy in Portuguese while preserving technical names  416ms
 ✓ tests/unit/color-scale.test.ts (5 tests) 6ms
 ✓ tests/unit/format.test.ts (3 tests) 4ms

 Test Files  11 passed (11)
      Tests  57 passed (57)
   Start at  17:28:34
   Duration  9.33s (transform 3.96s, setup 6.50s, collect 12.28s, tests 14.01s, environment 19.24s, prepare 3.72s)

