
> mente-do-brasil-web@0.1.0 test
> vitest run


 RUN  v3.2.7 /Users/brenoherculano/Projects/mente-do-brasil/web

stdout | tests/unit/api-route-rate-limit.test.ts > operational API route rate limit > short-circuits over-limit requests before calling the upstream FastAPI service
{"timestamp":"2026-08-31T20:25:48.208Z","level":"info","service":"mente-do-brasil-next","event":"rate_limited","request_id":"327f0b30-00da-4030-8b08-74c51e3c6099","route_class":"D_GEOMETRY_DETAIL","route":"/api/v1/map/health-regions","status":429}

stdout | tests/unit/api-route-rate-limit.test.ts > operational API route rate limit > short-circuits over-limit PDF report requests before upstream generation
{"timestamp":"2026-08-31T20:25:48.269Z","level":"info","service":"mente-do-brasil-next","event":"rate_limited","request_id":"2081f664-efac-48f0-ac09-e5f647c9a77a","route_class":"D_GEOMETRY_DETAIL","route":"/api/v1/health-regions/12001/report.pdf","status":429}

 ✓ tests/unit/api-route-rate-limit.test.ts (2 tests) 109ms
 ✓ tests/unit/public-foundation.test.ts (7 tests) 116ms
 ✓ tests/unit/about-page.test.tsx (6 tests) 1391ms
   ✓ about page > renders the institutional positioning and current scope  401ms
stderr | tests/unit/state-page.test.tsx > state page > uses locked regional values in the distribution and preserves mismatch copy
An update to StatePage inside a test was not wrapped in act(...).

When testing, code that causes React state updates should be wrapped into act(...):

act(() => {
  /* fire events that update state */
});
/* assert on the output */

This ensures that you're testing the behavior the user would see in the browser. Learn more at https://react.dev/link/wrap-tests-with-act
An update to StatePage inside a test was not wrapped in act(...).

When testing, code that causes React state updates should be wrapped into act(...):

act(() => {
  /* fire events that update state */
});
/* assert on the output */

This ensures that you're testing the behavior the user would see in the browser. Learn more at https://react.dev/link/wrap-tests-with-act

 ✓ tests/unit/state-page.test.tsx (5 tests) 2134ms
   ✓ state page > renders AC with three Health Regions and no state score or ranking  774ms
   ✓ state page > keeps alphabetical ordering and filters within the state  339ms
   ✓ state page > uses locked regional values in the distribution and preserves mismatch copy  696ms
 ✓ tests/unit/methodology-page.test.tsx (7 tests) 2549ms
   ✓ methodology page > renders locked metadata identifiers and standard population  861ms
   ✓ methodology page > preserves claim discipline and limitations  419ms
   ✓ methodology page > documents territorial intelligence product methods without recalculating science  620ms
 ✓ tests/unit/data-page.test.tsx (7 tests) 2887ms
   ✓ data page > renders release identifiers, counts, and locked hashes  919ms
   ✓ data page > translates NOT_RELEASED without exposing downloads or localhost  372ms
   ✓ data page > renders the complete 35-field dictionary and filters locally  887ms
   ✓ data page > documents null semantics, license uncertainty, and citation state  320ms
 ✓ tests/unit/api-ingress-policy.test.ts (9 tests) 30ms
 ✓ tests/unit/profile-components.test.tsx (4 tests) 214ms
 ✓ tests/unit/format.test.ts (3 tests) 15ms
 ✓ tests/unit/color-scale.test.ts (5 tests) 21ms

⎯⎯⎯⎯⎯⎯ Failed Suites 1 ⎯⎯⎯⎯⎯⎯⎯

 FAIL  tests/unit/manager-workbench.test.tsx [ tests/unit/manager-workbench.test.tsx ]
TypeError: window.URL.createObjectURL is not a function
 ❯ define node_modules/maplibre-gl/dist/maplibre-gl.js:34:44
     32| 
     33|     if (typeof window !== 'undefined') {
     34|         maplibregl.setWorkerUrl(window.URL.createObjectURL(new Blob([w…
       |                                            ^
     35|     }
     36| 
 ❯ node_modules/maplibre-gl/node_modules/gl-matrix/esm/mat2.js:13:8
 ❯ node_modules/maplibre-gl/dist/maplibre-gl.js:6:81
 ❯ Object.<anonymous> node_modules/maplibre-gl/dist/maplibre-gl.js:9:3

⎯⎯⎯⎯⎯⎯⎯⎯⎯⎯⎯⎯⎯⎯⎯⎯⎯⎯⎯⎯⎯⎯⎯⎯[1/1]⎯


 Test Files  1 failed | 10 passed (11)
      Tests  55 passed (55)
   Start at  17:25:44
   Duration  7.91s (transform 1.83s, setup 2.21s, collect 4.41s, tests 9.46s, environment 20.28s, prepare 3.64s)

