
> mente-do-brasil-web@0.1.0 build
> next build

▲ Next.js 16.3.2 (Turbopack)
✓ Running next.config.ts took 3.4s

  Creating an optimized production build ...
✓ Compiled successfully in 42s
  Running TypeScript ...
  Finished TypeScript in 23.2s ...
  Collecting page data using 7 workers ...
  Generating static pages using 7 workers (0/13) ...
  Generating static pages using 7 workers (3/13) 
  Generating static pages using 7 workers (6/13) 
  Generating static pages using 7 workers (9/13) 
✓ Generating static pages using 7 workers (13/13) in 964ms
  Finalizing page optimization ...

Route (app)
┌ ƒ /
├ ○ /_not-found
├ ƒ /.well-known/security.txt
├ ƒ /api/v1/[...path]
├ ○ /contato
├ ○ /dados
├ ƒ /estado/[uf]
├ ○ /financiamento
├ ƒ /fluxos
├ ƒ /gestor
├ ƒ /healthz
├ ○ /metodologia
├ ○ /mudancas
├ ○ /privacidade
├ ƒ /radar
├ ƒ /readyz
├ ƒ /regiao/[codigo]
├ ƒ /robots.txt
├ ƒ /sitemap.xml
└ ○ /sobre


ƒ Proxy (Middleware)

○  (Static)   prerendered as static content
ƒ  (Dynamic)  server-rendered on demand

